// Jest Snapshot v1, https://goo.gl/fbAQLP

exports[`Testing Main App Component App will match snapshot 1`] = `
ReactShallowRenderer {
  "_context": Object {},
  "_element": <App />,
  "_forcedUpdate": false,
  "_instance": App {
    "context": Object {},
    "props": Object {},
    "refs": Object {},
    "state": null,
    "updater": Updater {
      "_callbacks": Array [],
      "_renderer": [Circular],
    },
  },
  "_newState": null,
  "_rendered": <div>
    Here is something:
    <br />
    <App
      prefixText="Current Time"
    />
  </div>,
  "_rendering": false,
  "_updater": Updater {
    "_callbacks": Array [],
    "_renderer": [Circular],
  },
}
`;
